// Jest Snapshot v1, https://goo.gl/fbAQLP

exports[`capitalizeString capitalizes the first letter of a string 1`] = `"Hello"`;
